// Jest Snapshot v1, https://goo.gl/fbAQLP

exports[`NewItem (Snapshot) NewItem renders without crashing 1`] = `
<div
  className="sc-bdVaJa jbpjOp"
>
  <br />
  <div
    className="input-section"
  >
    <input
      className="username"
      name="username"
      onChange={[Function]}
      type="text"
      value=""
    />
    <button
      className="create-user-button"
      onClick={[Function]}
    >
      Send
    </button>
  </div>
</div>
`;
