// Jest Snapshot v1, https://goo.gl/fbAQLP

exports[`CreateUser (Snapshot) CreateUser renders without crashing 1`] = `
<div
  className="sc-bdVaJa jnCzsN"
>
  <p>
    Give yourself a username
  </p>
  <div
    className="input-section"
  >
    <input
      className="username"
      name="username"
      onChange={[Function]}
      type="text"
    />
    <button
      className="create-user-button"
      onClick={[Function]}
    >
      Create
    </button>
  </div>
</div>
`;
